Component: ARM Compiler 6.16 Tool: armlink [5dfeaa00]

==============================================================================

Section Cross References

    main.o(RESET) refers to main.o(STACK) for __initial_sp
    main.o(RESET) refers to main.o(.text) for Reset_Handler
    main.o(RESET) refers to main.o(button) for Button_Handler
    main.o(.text) refers to main.o(main) for __main
    main.o(button) refers to main.o(main) for gameover
    main.o(main) refers to image3.o(.rodata.image3) for image3
    main.o(main) refers to firstright3.o(.rodata.firstright3) for firstright3
    main.o(main) refers to imagewon.o(.rodata.imagewon) for imagewon
    main.o(main) refers to imagegover.o(.rodata.imagegover) for imagegover


==============================================================================

Removing Unused input sections from the image.

    Removing image3.o(.text), (0 bytes).
    Removing firstright3.o(.text), (0 bytes).
    Removing imagegover.o(.text), (0 bytes).
    Removing imagewon.o(.text), (0 bytes).

4 unused section(s) (total 0 bytes) removed from the image.

==============================================================================

Image Symbol Table

    Local Symbols

    Symbol Name                              Value     Ov Type        Size  Object(Section)

    firstright3.c                            0x00000000   Number         0  firstright3.o ABSOLUTE
    image3.c                                 0x00000000   Number         0  image3.o ABSOLUTE
    imagegover.c                             0x00000000   Number         0  imagegover.o ABSOLUTE
    imagewon.c                               0x00000000   Number         0  imagewon.o ABSOLUTE
    main.s                                   0x00000000   Number         0  main.o ABSOLUTE
    RESET                                    0x00000000   Section       68  main.o(RESET)
    .text                                    0x00000044   Section       20  main.o(.text)
    button                                   0x00000058   Section       56  main.o(button)
    main                                     0x00000090   Section      440  main.o(main)
    paintfirst                               0x0000009d   Thumb Code    58  main.o(main)
    branch                                   0x00000137   Thumb Code     2  main.o(main)
    paintleft                                0x00000139   Thumb Code   102  main.o(main)
    refresh                                  0x0000019f   Thumb Code    12  main.o(main)
    colorswap                                0x000001ab   Thumb Code    14  main.o(main)
    delay                                    0x000001b9   Thumb Code    12  main.o(main)
    youwon                                   0x000001c5   Thumb Code    50  main.o(main)
    gameover                                 0x000001f7   Thumb Code    50  main.o(main)
    STACK                                    0x20000000   Section     1024  main.o(STACK)
    __initial_sp                             0x20000400   Data           0  main.o(STACK)

    Global Symbols

    Symbol Name                              Value     Ov Type        Size  Object(Section)

    BuildAttributes$$THM_ISAv3M$S$PE$A:L22$X:L11$S22$IEEE1$IW$~IW$USESV6$~STKCKD$USESV7$~SHL$OSPACE$EBA8$STANDARDLIB$REQ8$EABIv2 0x00000000   Number         0  anon$$obj.o ABSOLUTE
    __Vectors                                0x00000000   Data           4  main.o(RESET)
    Reset_Handler                            0x00000045   Thumb Code    12  main.o(.text)
    __Vectors_End                            0x00000044   Data           0  main.o(RESET)
    Button_Handler                           0x00000059   Thumb Code    50  main.o(button)
    __main                                   0x00000091   Thumb Code    12  main.o(main)
    firstright3                              0x00000248   Data       20480  firstright3.o(.rodata.firstright3)
    image3                                   0x00005248   Data       25600  image3.o(.rodata.image3)
    imagegover                               0x0000b648   Data       200000  imagegover.o(.rodata.imagegover)
    imagewon                                 0x0003c388   Data       10000  imagewon.o(.rodata.imagewon)



==============================================================================

Memory Map of the image

  Image Entry point : 0x00000091

  Load Region LR_IROM1 (Base: 0x00000000, Size: 0x0003ea98, Max: 0x00040000, ABSOLUTE)

    Execution Region ER_IROM1 (Exec base: 0x00000000, Load base: 0x00000000, Size: 0x0003ea98, Max: 0x00040000, ABSOLUTE)

    Exec Addr    Load Addr    Size         Type   Attr      Idx    E Section Name        Object

    0x00000000   0x00000000   0x00000044   Data   RO            2    RESET               main.o
    0x00000044   0x00000044   0x00000014   Code   RO            3    .text               main.o
    0x00000058   0x00000058   0x00000038   Code   RO            4    button              main.o
    0x00000090   0x00000090   0x000001b8   Code   RO            5  * main                main.o
    0x00000248   0x00000248   0x00005000   Data   RO           24    .rodata.firstright3  firstright3.o
    0x00005248   0x00005248   0x00006400   Data   RO           18    .rodata.image3      image3.o
    0x0000b648   0x0000b648   0x00030d40   Data   RO           30    .rodata.imagegover  imagegover.o
    0x0003c388   0x0003c388   0x00002710   Data   RO           36    .rodata.imagewon    imagewon.o


    Execution Region RW_IRAM1 (Exec base: 0x20000000, Load base: 0x0003ea98, Size: 0x00000400, Max: 0x00020000, ABSOLUTE)

    Exec Addr    Load Addr    Size         Type   Attr      Idx    E Section Name        Object

    0x20000000        -       0x00000400   Zero   RW            1    STACK               main.o


==============================================================================

Image component sizes


      Code (inc. data)   RO Data    RW Data    ZI Data      Debug   Object Name

         0          0      20480          0          0        366   firstright3.o
         0          0      25600          0          0        351   image3.o
         0          0     200000          0          0        365   imagegover.o
         0          0      10000          0          0        357   imagewon.o
       516         46         68          0       1024       1308   main.o

    ----------------------------------------------------------------------
       516         46     256148          0       1024       2747   Object Totals
         0          0          0          0          0          0   (incl. Generated)
         0          0          0          0          0          0   (incl. Padding)

    ----------------------------------------------------------------------
         0          0          0          0          0          0   Library Totals
         0          0          0          0          0          0   (incl. Padding)

    ----------------------------------------------------------------------

==============================================================================


      Code (inc. data)   RO Data    RW Data    ZI Data      Debug   

       516         46     256148          0       1024       2643   Grand Totals
       516         46     256148          0       1024       2643   ELF Image Totals
       516         46     256148          0          0          0   ROM Totals

==============================================================================

    Total RO  Size (Code + RO Data)               256664 ( 250.65kB)
    Total RW  Size (RW Data + ZI Data)              1024 (   1.00kB)
    Total ROM Size (Code + RO Data + RW Data)     256664 ( 250.65kB)

==============================================================================

