<!doctype html public "-//w3c//dtd html 4.0 transitional//en">
<html><head>
<title>Static Call Graph - [.\Objects\main.axf]</title></head>
<body><HR>
<H1>Static Call Graph for image .\Objects\main.axf</H1><HR>
<BR><P>#&#060CALLGRAPH&#062# ARM Linker, 6160001: Last Updated: Wed May 25 17:45:27 2022
<BR><P>
<H3>Maximum Stack Usage =          0 bytes + Unknown(Functions without stacksize, Cycles, Untraceable Function Pointers)</H3><H3>
Call chain for Maximum Stack Depth:</H3>

<P>
<H3>
Functions with no stack information
</H3><UL>
 <LI><a href="#[4]">branch</a>
</UL>
</UL>
<P>
<H3>
Mutually Recursive functions
</H3> <LI><a href="#[5]">paintleft</a>&nbsp;&nbsp;&nbsp;&rArr;&nbsp;&nbsp;&nbsp;<a href="#[3]">paintfirst</a><BR>
</UL>
<P>
<H3>
Function Pointers
</H3><UL>
 <LI><a href="#[1]">Button_Handler</a> from main.o(button) referenced from main.o(RESET)
 <LI><a href="#[0]">Reset_Handler</a> from main.o(.text) referenced from main.o(RESET)
 <LI><a href="#[2]">__main</a> from main.o(main) referenced from main.o(.text)
</UL>
<P>
<H3>
Global Symbols
</H3>
<P><STRONG><a name="[0]"></a>Reset_Handler</STRONG> (Thumb, 12 bytes, Stack size 0 bytes, main.o(.text))
<BR>[Address Reference Count : 1]<UL><LI> main.o(RESET)
</UL>
<P><STRONG><a name="[1]"></a>Button_Handler</STRONG> (Thumb, 50 bytes, Stack size 0 bytes, main.o(button))
<BR><BR>[Calls]<UL><LI><a href="#[a]">&gt;&gt;</a>&nbsp;&nbsp;&nbsp;gameover
<LI><a href="#[4]">&gt;&gt;</a>&nbsp;&nbsp;&nbsp;branch
</UL>
<BR>[Address Reference Count : 1]<UL><LI> main.o(RESET)
</UL>
<P><STRONG><a name="[2]"></a>__main</STRONG> (Thumb, 12 bytes, Stack size 0 bytes, main.o(main))
<BR>[Address Reference Count : 1]<UL><LI> main.o(.text)
</UL><P>
<H3>
Local Symbols
</H3>
<P><STRONG><a name="[3]"></a>paintfirst</STRONG> (Thumb, 58 bytes, Stack size 0 bytes, main.o(main), UNUSED, KEPT)
<BR><BR>[Calls]<UL><LI><a href="#[8]">&gt;&gt;</a>&nbsp;&nbsp;&nbsp;delay
<LI><a href="#[7]">&gt;&gt;</a>&nbsp;&nbsp;&nbsp;colorswap
<LI><a href="#[6]">&gt;&gt;</a>&nbsp;&nbsp;&nbsp;refresh
<LI><a href="#[5]">&gt;&gt;</a>&nbsp;&nbsp;&nbsp;paintleft
</UL>
<BR>[Called By]<UL><LI><a href="#[5]">&gt;&gt;</a>&nbsp;&nbsp;&nbsp;paintleft
</UL>

<P><STRONG><a name="[4]"></a>branch</STRONG> (Thumb, 2 bytes, Stack size unknown bytes, main.o(main))
<BR><BR>[Calls]<UL><LI><a href="#[9]">&gt;&gt;</a>&nbsp;&nbsp;&nbsp;youwon
</UL>
<BR>[Called By]<UL><LI><a href="#[1]">&gt;&gt;</a>&nbsp;&nbsp;&nbsp;Button_Handler
</UL>

<P><STRONG><a name="[5]"></a>paintleft</STRONG> (Thumb, 102 bytes, Stack size 0 bytes, main.o(main), UNUSED, KEPT)
<BR><BR>[Calls]<UL><LI><a href="#[8]">&gt;&gt;</a>&nbsp;&nbsp;&nbsp;delay
<LI><a href="#[7]">&gt;&gt;</a>&nbsp;&nbsp;&nbsp;colorswap
<LI><a href="#[6]">&gt;&gt;</a>&nbsp;&nbsp;&nbsp;refresh
<LI><a href="#[3]">&gt;&gt;</a>&nbsp;&nbsp;&nbsp;paintfirst
</UL>
<BR>[Called By]<UL><LI><a href="#[3]">&gt;&gt;</a>&nbsp;&nbsp;&nbsp;paintfirst
</UL>

<P><STRONG><a name="[6]"></a>refresh</STRONG> (Thumb, 12 bytes, Stack size 0 bytes, main.o(main))
<BR><BR>[Called By]<UL><LI><a href="#[a]">&gt;&gt;</a>&nbsp;&nbsp;&nbsp;gameover
<LI><a href="#[9]">&gt;&gt;</a>&nbsp;&nbsp;&nbsp;youwon
<LI><a href="#[5]">&gt;&gt;</a>&nbsp;&nbsp;&nbsp;paintleft
<LI><a href="#[3]">&gt;&gt;</a>&nbsp;&nbsp;&nbsp;paintfirst
</UL>

<P><STRONG><a name="[7]"></a>colorswap</STRONG> (Thumb, 14 bytes, Stack size 0 bytes, main.o(main))
<BR><BR>[Called By]<UL><LI><a href="#[a]">&gt;&gt;</a>&nbsp;&nbsp;&nbsp;gameover
<LI><a href="#[9]">&gt;&gt;</a>&nbsp;&nbsp;&nbsp;youwon
<LI><a href="#[5]">&gt;&gt;</a>&nbsp;&nbsp;&nbsp;paintleft
<LI><a href="#[3]">&gt;&gt;</a>&nbsp;&nbsp;&nbsp;paintfirst
</UL>

<P><STRONG><a name="[8]"></a>delay</STRONG> (Thumb, 12 bytes, Stack size 0 bytes, main.o(main), UNUSED, KEPT)
<BR><BR>[Called By]<UL><LI><a href="#[5]">&gt;&gt;</a>&nbsp;&nbsp;&nbsp;paintleft
<LI><a href="#[3]">&gt;&gt;</a>&nbsp;&nbsp;&nbsp;paintfirst
</UL>

<P><STRONG><a name="[9]"></a>youwon</STRONG> (Thumb, 50 bytes, Stack size 0 bytes, main.o(main))
<BR><BR>[Calls]<UL><LI><a href="#[7]">&gt;&gt;</a>&nbsp;&nbsp;&nbsp;colorswap
<LI><a href="#[6]">&gt;&gt;</a>&nbsp;&nbsp;&nbsp;refresh
</UL>
<BR>[Called By]<UL><LI><a href="#[4]">&gt;&gt;</a>&nbsp;&nbsp;&nbsp;branch
</UL>

<P><STRONG><a name="[a]"></a>gameover</STRONG> (Thumb, 50 bytes, Stack size 0 bytes, main.o(main))
<BR><BR>[Calls]<UL><LI><a href="#[7]">&gt;&gt;</a>&nbsp;&nbsp;&nbsp;colorswap
<LI><a href="#[6]">&gt;&gt;</a>&nbsp;&nbsp;&nbsp;refresh
</UL>
<BR>[Called By]<UL><LI><a href="#[1]">&gt;&gt;</a>&nbsp;&nbsp;&nbsp;Button_Handler
</UL>
<P>
<H3>
Undefined Global Symbols
</H3><HR></body></html>
