<html>
<body>
<pre>
<h1>µVision Build Log</h1>
<h2>Tool Versions:</h2>
IDE-Version: µVision V5.36.0.0
Copyright (C) 2021 ARM Ltd and ARM Germany GmbH. All rights reserved.
License Information: Bora Ýnan, Istanbul Technical University, LIC=AN0Z6-XDK9Z-9J16K-CEXYH-FB8KA-H9EDK
 
Tool Versions:
Toolchain:       MDK-ARM Community  Version: 5.36.0.0
Toolchain Path:  C:\Keil_v5\ARM\ARMCLANG\Bin
C Compiler:      ArmClang.exe V6.16
Assembler:       Armasm.exe V6.16
Linker/Locator:  ArmLink.exe V6.16
Library Manager: ArmAr.exe V6.16
Hex Converter:   FromElf.exe V6.16
CPU DLL:         SARMCM3.DLL V5.36.0.0
Dialog DLL:      DARMCM1.DLL V1.19.4.0
Target DLL:      UL2CM3.DLL V1.164.0.0
Dialog DLL:      TARMCM1.DLL V1.14.4.0
 
<h2>Project:</h2>
C:\Users\Bora\Desktop\project\main.uvprojx
Project File Date:  05/17/2022

<h2>Output:</h2>
*** Using Compiler 'V6.16', folder: 'C:\Keil_v5\ARM\ARMCLANG\Bin'
Build target 'Target 1'
"main.s", line 91: Warning: A1488W: PROC/FUNC at line 83 in 'main.s' without matching ENDP/ENDFUNC
   91 0000000c paintfirst  PROC
"main.s", line 307: Warning: A1488W: PROC/FUNC at line 42 in 'main.s' without matching ENDP/ENDFUNC
  307 00000198     END
"main.s", line 75: Warning: A1581W: Added 2 bytes of padding at address 0x32
   75 00000034                  AREA    main, CODE, READONLY
0 Errors, 3 Warnings
assembling main.s...
linking...
.\Objects\main.axf: Warning: L6803W: Relocation #REL:0 in main.o(button) with respect to main.o. Thumb Branch is unlikely to reach target ingameover(main).
.\Objects\main.axf: Warning: L6803W: Relocation #REL:1 in main.o(button) with respect to main.o. Thumb Branch is unlikely to reach target inbranch(main).
.\Objects\main.sct(8): warning: L6314W: No section matches pattern *(InRoot$$Sections).
Program Size: Code=516 RO-data=256148 RW-data=0 ZI-data=1024  
Finished: 0 information, 3 warning and 0 error messages.
".\Objects\main.axf" - 0 Error(s), 3 Warning(s).

<h2>Software Packages used:</h2>

Package Vendor: ARM
                http://www.keil.com/pack/ARM.CMSIS.5.8.0.pack
                ARM.CMSIS.5.8.0
                CMSIS (Common Microcontroller Software Interface Standard)

<h2>Collection of Component include folders:</h2>
  C:\Users\Bora\AppData\Local\Arm\Packs\ARM\CMSIS\5.8.0\Device\ARM\ARMCM0\Include

<h2>Collection of Component Files used:</h2>
Build Time Elapsed:  00:00:01
</pre>
</body>
</html>
